Created [https://www.googleapis.com/compute/v1/projects/beamo-wipe/global/networks/beamo-usb-win-0907].
Created [https://www.googleapis.com/compute/v1/projects/beamo-wipe/regions/us-central1/subnetworks/beamo-usb-win-0907].
Creating router [beamo-usb-win-0907]...
.......done.
Creating NAT [lab-egress] in router [beamo-usb-win-0907]...
......done.
Creating firewall...
..Created [https://www.googleapis.com/compute/v1/projects/beamo-wipe/global/firewalls/beamo-usb-win-0907-iap].
failed.
ERROR: (gcloud.compute.firewall-rules.create) There was a problem refreshing your current auth tokens: Reauthentication failed. cannot prompt during non-interactive execution.
Please run:

  $ gcloud auth login

to obtain new credentials.

If you have already logged in with a different account, run:

  $ gcloud config set account ACCOUNT

to select an already authenticated account to use.
Traceback (most recent call last):
  File "/Users/HP/dev/Beamo Wipe/tools/usb_lab/gcp_lab.py", line 118, in <module>
    main()
  File "/Users/HP/dev/Beamo Wipe/tools/usb_lab/gcp_lab.py", line 114, in main
    (create if args.action == 'create' else destroy)(args)
  File "/Users/HP/dev/Beamo Wipe/tools/usb_lab/gcp_lab.py", line 40, in create
    result = json.loads(command(*operation))
  File "/Users/HP/dev/Beamo Wipe/tools/usb_lab/gcp_lab.py", line 11, in command
    return subprocess.check_output(['gcloud', *args, '--quiet', '--format=json'], text=True)
  File "/Library/Frameworks/Python.framework/Versions/3.10/lib/python3.10/subprocess.py", line 420, in check_output
    return run(*popenargs, stdout=PIPE, timeout=timeout, check=True,
  File "/Library/Frameworks/Python.framework/Versions/3.10/lib/python3.10/subprocess.py", line 524, in run
    raise CalledProcessError(retcode, process.args,
subprocess.CalledProcessError: Command '['gcloud', 'compute', 'firewall-rules', 'create', 'beamo-usb-win-0907-iap', '--project=beamo-wipe', '--network=beamo-usb-win-0907', '--allow=tcp:22', '--source-ranges=35.235.240.0/20', '--quiet', '--format=json']' returned non-zero exit status 1.
