[2J[01;01H[=3h[2J[01;01H[2J[01;01H[=3h[2J[01;01H[2J[01;01H[=3h[2J[01;01HEFI stub: Loaded initrd from LINUX_EFI_INITRD_MEDIA_GUID device path
[    0.000000] Linux version 6.1.0-52-amd64 (debian-kernel@lists.debian.org) (gcc-12 (Debian 12.2.0-14+deb12u1) 12.2.0, GNU ld (GNU Binutils for Debian) 2.40) #1 SMP PREEMPT_DYNAMIC Debian 6.1.180-1 (2026-08-03)
[    0.000000] Command line: root=/dev/vda rw console=ttyS0,115200 systemd.unit=multi-user.target initrd=initrd
[    0.000000] BIOS-provided physical RAM map:
[    0.000000] BIOS-e820: [mem 0x0000000000000000-0x000000000009ffff] usable
[    0.000000] BIOS-e820: [mem 0x0000000000100000-0x0000000000805fff] usable
[    0.000000] BIOS-e820: [mem 0x0000000000806000-0x0000000000807fff] ACPI NVS
[    0.000000] BIOS-e820: [mem 0x0000000000808000-0x000000000080ffff] usable
[    0.000000] BIOS-e820: [mem 0x0000000000810000-0x00000000008fffff] ACPI NVS
[    0.000000] BIOS-e820: [mem 0x0000000000900000-0x000000006ee9ffff] usable
[    0.000000] BIOS-e820: [mem 0x000000006eea0000-0x000000006efa1fff] reserved
[    0.000000] BIOS-e820: [mem 0x000000006efa2000-0x000000006f8ebfff] usable
[    0.000000] BIOS-e820: [mem 0x000000006f8ec000-0x000000006fb6bfff] reserved
[    0.000000] BIOS-e820: [mem 0x000000006fb6c000-0x000000006fb7dfff] ACPI data
[    0.000000] BIOS-e820: [mem 0x000000006fb7e000-0x000000006fbfdfff] ACPI NVS
[    0.000000] BIOS-e820: [mem 0x000000006fbfe000-0x000000007fef3fff] usable
[    0.000000] BIOS-e820: [mem 0x000000007fef4000-0x000000007ff77fff] reserved
[    0.000000] BIOS-e820: [mem 0x000000007ff78000-0x000000007fffffff] ACPI NVS
[    0.000000] BIOS-e820: [mem 0x00000000b0000000-0x00000000bfffffff] reserved
[    0.000000] BIOS-e820: [mem 0x00000000ffc00000-0x00000000ffffffff] reserved
[    0.000000] NX (Execute Disable) protection: active
[    0.000000] extended physical RAM map:
[    0.000000] reserve setup_data: [mem 0x0000000000000000-0x000000000009ffff] usable
[    0.000000] reserve setup_data: [mem 0x0000000000100000-0x0000000000805fff] usable
[    0.000000] reserve setup_data: [mem 0x0000000000806000-0x0000000000807fff] ACPI NVS
[    0.000000] reserve setup_data: [mem 0x0000000000808000-0x000000000080ffff] usable
[    0.000000] reserve setup_data: [mem 0x0000000000810000-0x00000000008fffff] ACPI NVS
[    0.000000] reserve setup_data: [mem 0x0000000000900000-0x000000006e112017] usable
[    0.000000] reserve setup_data: [mem 0x000000006e112018-0x000000006e11bc57] usable
[    0.000000] reserve setup_data: [mem 0x000000006e11bc58-0x000000006ee9ffff] usable
[    0.000000] reserve setup_data: [mem 0x000000006eea0000-0x000000006efa1fff] reserved
[    0.000000] reserve setup_data: [mem 0x000000006efa2000-0x000000006f8ebfff] usable
[    0.000000] reserve setup_data: [mem 0x000000006f8ec000-0x000000006fb6bfff] reserved
[    0.000000] reserve setup_data: [mem 0x000000006fb6c000-0x000000006fb7dfff] ACPI data
[    0.000000] reserve setup_data: [mem 0x000000006fb7e000-0x000000006fbfdfff] ACPI NVS
[    0.000000] reserve setup_data: [mem 0x000000006fbfe000-0x000000007fef3fff] usable
[    0.000000] reserve setup_data: [mem 0x000000007fef4000-0x000000007ff77fff] reserved
[    0.000000] reserve setup_data: [mem 0x000000007ff78000-0x000000007fffffff] ACPI NVS
[    0.000000] reserve setup_data: [mem 0x00000000b0000000-0x00000000bfffffff] reserved
[    0.000000] reserve setup_data: [mem 0x00000000ffc00000-0x00000000ffffffff] reserved
[    0.000000] efi: EFI v2.70 by EDK II
[    0.000000] efi: SMBIOS=0x6f920000 ACPI=0x6fb7d000 ACPI 2.0=0x6fb7d014 MEMATTR=0x6e11f018 INITRD=0x6e120f18 
[    0.000000] secureboot: Secure boot disabled
[    0.000000] SMBIOS 2.8 present.
[    0.000000] DMI: QEMU Standard PC (Q35 + ICH9, 2009), BIOS 0.0.0 02/06/2015
[    0.000000] Hypervisor detected: KVM
[    0.000000] kvm-clock: Using msrs 4b564d01 and 4b564d00
[    0.000003] kvm-clock: using sched offset of 13484397388 cycles
[    0.000006] clocksource: kvm-clock: mask: 0xffffffffffffffff max_cycles: 0x1cd42e4dffb, max_idle_ns: 881590591483 ns
[    0.000021] tsc: Detected 2800.250 MHz processor
[    0.001073] last_pfn = 0x7fef4 max_arch_pfn = 0x400000000
[    0.001619] x86/PAT: Configuration [0-7]: WB  WC  UC- UC  WB  WP  UC- WT  
[    0.020715] Using GB pages for direct mapping
[    0.021956] RAMDISK: [mem 0x66e49000-0x6969ffff]
[    0.021970] ACPI: Early table checksum verification disabled
[    0.021990] ACPI: RSDP 0x000000006FB7D014 000024 (v02 BOCHS )
[    0.021997] ACPI: XSDT 0x000000006FB7C0E8 000054 (v01 BOCHS  BXPC     00000001      01000013)
[    0.022006] ACPI: FACP 0x000000006FB78000 0000F4 (v03 BOCHS  BXPC     00000001 BXPC 00000001)
[    0.022014] ACPI: DSDT 0x000000006FB79000 00213C (v01 BOCHS  BXPC     00000001 BXPC 00000001)
[    0.022030] ACPI: FACS 0x000000006FBDC000 000040
[    0.022035] ACPI: APIC 0x000000006FB77000 000078 (v03 BOCHS  BXPC     00000001 BXPC 00000001)
[    0.022040] ACPI: HPET 0x000000006FB76000 000038 (v01 BOCHS  BXPC     00000001 BXPC 00000001)
[    0.022044] ACPI: MCFG 0x000000006FB75000 00003C (v01 BOCHS  BXPC     00000001 BXPC 00000001)
[    0.022051] ACPI: WAET 0x000000006FB74000 000028 (v01 BOCHS  BXPC     00000001 BXPC 00000001)
[    0.022056] ACPI: BGRT 0x000000006FB73000 000038 (v01 INTEL  EDK2     00000002      01000013)
[    0.022059] ACPI: Reserving FACP table memory at [mem 0x6fb78000-0x6fb780f3]
[    0.022062] ACPI: Reserving DSDT table memory at [mem 0x6fb79000-0x6fb7b13b]
[    0.022063] ACPI: Reserving FACS table memory at [mem 0x6fbdc000-0x6fbdc03f]
[    0.022065] ACPI: Reserving APIC table memory at [mem 0x6fb77000-0x6fb77077]
[    0.022067] ACPI: Reserving HPET table memory at [mem 0x6fb76000-0x6fb76037]
[    0.022069] ACPI: Reserving MCFG table memory at [mem 0x6fb75000-0x6fb7503b]
[    0.022070] ACPI: Reserving WAET table memory at [mem 0x6fb74000-0x6fb74027]
[    0.022071] ACPI: Reserving BGRT table memory at [mem 0x6fb73000-0x6fb73037]
[    0.024301] No NUMA configuration found
[    0.024303] Faking a node at [mem 0x0000000000000000-0x000000007fef3fff]
[    0.024318] NODE_DATA(0) allocated [mem 0x7fe56000-0x7fe80fff]
[    0.026073] Zone ranges:
[    0.026074]   DMA      [mem 0x0000000000001000-0x0000000000ffffff]
[    0.026077]   DMA32    [mem 0x0000000001000000-0x000000007fef3fff]
[    0.026080]   Normal   empty
[    0.026081]   Device   empty
[    0.026082] Movable zone start for each node
[    0.026086] Early memory node ranges
[    0.026087]   node   0: [mem 0x0000000000001000-0x000000000009ffff]
[    0.026089]   node   0: [mem 0x0000000000100000-0x0000000000805fff]
[    0.026090]   node   0: [mem 0x0000000000808000-0x000000000080ffff]
[    0.026091]   node   0: [mem 0x0000000000900000-0x000000006ee9ffff]
[    0.026093]   node   0: [mem 0x000000006efa2000-0x000000006f8ebfff]
[    0.026094]   node   0: [mem 0x000000006fbfe000-0x000000007fef3fff]
[    0.026096] Initmem setup node 0 [mem 0x0000000000001000-0x000000007fef3fff]
[    0.026845] On node 0, zone DMA: 1 pages in unavailable ranges
[    0.026871] On node 0, zone DMA: 96 pages in unavailable ranges
[    0.026873] On node 0, zone DMA: 2 pages in unavailable ranges
[    0.026898] On node 0, zone DMA: 240 pages in unavailable ranges
[    0.028438] On node 0, zone DMA32: 258 pages in unavailable ranges
[    0.028458] On node 0, zone DMA32: 786 pages in unavailable ranges
[    0.028467] On node 0, zone DMA32: 268 pages in unavailable ranges
[    0.031853] ACPI: PM-Timer IO Port: 0x608
[    0.031906] ACPI: LAPIC_NMI (acpi_id[0xff] dfl dfl lint[0x1])
[    0.032099] IOAPIC[0]: apic_id 0, version 17, address 0xfec00000, GSI 0-23
[    0.032104] ACPI: INT_SRC_OVR (bus 0 bus_irq 0 global_irq 2 dfl dfl)
[    0.032107] ACPI: INT_SRC_OVR (bus 0 bus_irq 5 global_irq 5 high level)
[    0.032109] ACPI: INT_SRC_OVR (bus 0 bus_irq 9 global_irq 9 high level)
[    0.032111] ACPI: INT_SRC_OVR (bus 0 bus_irq 10 global_irq 10 high level)
[    0.032114] ACPI: INT_SRC_OVR (bus 0 bus_irq 11 global_irq 11 high level)
[    0.032120] ACPI: Using ACPI (MADT) for SMP configuration information
[    0.032122] ACPI: HPET id: 0x8086a201 base: 0xfed00000
[    0.032213] TSC deadline timer available
[    0.032250] smpboot: Allowing 1 CPUs, 0 hotplug CPUs
[    0.032442] PM: hibernation: Registered nosave memory: [mem 0x00000000-0x00000fff]
[    0.032445] PM: hibernation: Registered nosave memory: [mem 0x000a0000-0x000fffff]
[    0.032448] PM: hibernation: Registered nosave memory: [mem 0x00806000-0x00807fff]
[    0.032450] PM: hibernation: Registered nosave memory: [mem 0x00810000-0x008fffff]
[    0.032453] PM: hibernation: Registered nosave memory: [mem 0x6e122000-0x6e12afff]
[    0.032455] PM: hibernation: Registered nosave memory: [mem 0x6eea0000-0x6efa1fff]
[    0.032458] PM: hibernation: Registered nosave memory: [mem 0x6f8ec000-0x6fbfdfff]
[    0.032461] [mem 0xc0000000-0xffbfffff] available for PCI devices
[    0.032463] Booting paravirtualized kernel on KVM
[    0.032466] clocksource: refined-jiffies: mask: 0xffffffff max_cycles: 0xffffffff, max_idle_ns: 7645519600211568 ns
[    0.038087] setup_percpu: NR_CPUS:8192 nr_cpumask_bits:1 nr_cpu_ids:1 nr_node_ids:1
[    0.039024] percpu: Embedded 62 pages/cpu s217088 r8192 d28672 u2097152
[    0.039251] kvm-guest: PV spinlocks disabled, single CPU
[    0.039259] Fallback order for Node 0: 0 
[    0.039262] Built 1 zonelists, mobility grouping on.  Total pages: 512503
[    0.039264] Policy zone: DMA32
[    0.039266] Kernel command line: root=/dev/vda rw console=ttyS0,115200 systemd.unit=multi-user.target initrd=initrd
[    0.039358] random: crng init done
[    0.039518] Dentry cache hash table entries: 262144 (order: 9, 2097152 bytes, linear)
[    0.039712] Inode-cache hash table entries: 131072 (order: 8, 1048576 bytes, linear)
[    0.039923] mem auto-init: stack:all(zero), heap alloc:on, heap free:off
[    0.052068] Memory: 247604K/2090548K available (14343K kernel code, 2338K rwdata, 9120K rodata, 2816K init, 17356K bss, 473356K reserved, 0K cma-reserved)
[    0.052236] SLUB: HWalign=64, Order=0-3, MinObjects=0, CPUs=1, Nodes=1
[    0.052265] ftrace: allocating 40450 entries in 159 pages
[    0.061895] ftrace: allocated 159 pages with 6 groups
[    0.062725] Dynamic Preempt: voluntary
[    0.063523] rcu: Preemptible hierarchical RCU implementation.
[    0.063524] rcu: 	RCU restricting CPUs from NR_CPUS=8192 to nr_cpu_ids=1.
[    0.063527] 	Trampoline variant of Tasks RCU enabled.
[    0.063528] 	Rude variant of Tasks RCU enabled.
[    0.063528] 	Tracing variant of Tasks RCU enabled.
[    0.063530] rcu: RCU calculated value of scheduler-enlistment delay is 25 jiffies.
[    0.063531] rcu: Adjusting geometry for rcu_fanout_leaf=16, nr_cpu_ids=1
[    0.070453] NR_IRQS: 524544, nr_irqs: 256, preallocated irqs: 16
[    0.070826] rcu: srcu_init: Setting srcu_struct sizes based on contention.
[    0.070944] Console: colour dummy device 80x25
[    0.728152] printk: console [ttyS0] enabled
[    0.731149] ACPI: Core revision 20220331
[    0.734590] clocksource: hpet: mask: 0xffffffff max_cycles: 0xffffffff, max_idle_ns: 19112604467 ns
[    0.741378] APIC: Switch to symmetric I/O mode setup
[    0.746740] x2apic enabled
[    0.750515] Switched APIC routing to physical x2apic.
[    0.761904] ..TIMER: vector=0x30 apic1=0 pin1=2 apic2=-1 pin2=-1
[    0.766370] clocksource: tsc-early: mask: 0xffffffffffffffff max_cycles: 0x285d2cbcd24, max_idle_ns: 440795214042 ns
[    0.773756] Calibrating delay loop (skipped) preset value.. 5600.50 BogoMIPS (lpj=11201000)
[    0.779007] x86/cpu: User Mode Instruction Prevention (UMIP) activated
[    0.782531] Last level iTLB entries: 4KB 0, 2MB 0, 4MB 0
[    0.785751] Last level dTLB entries: 4KB 0, 2MB 0, 4MB 0, 1GB 0
[    0.789802] Spectre V1 : Mitigation: usercopy/swapgs barriers and __user pointer sanitization
[    0.793770] Spectre V2 : Spectre BHI mitigation: SW BHB clearing on vm exit
[    0.797751] Spectre V2 : Spectre BHI mitigation: SW BHB clearing on syscall
[    0.801751] Spectre V2 : Mitigation: Enhanced / Automatic IBRS
[    0.805751] Spectre V2 : Spectre v2 / PBRSB-eIBRS: Retire a single CALL on VMEXIT
[    0.809751] RETBleed: Mitigation: Enhanced IBRS
[    0.813755] Spectre V2 : mitigation: Enabling conditional Indirect Branch Prediction Barrier
[    0.817752] Speculative Store Bypass: Mitigation: Speculative Store Bypass disabled via prctl
[    0.821759] TAA: Vulnerable: Clear CPU buffers attempted, no microcode
[    0.825751] MMIO Stale Data: Vulnerable: Clear CPU buffers attempted, no microcode
[    0.829752] active return thunk: its_return_thunk
[    0.833751] ITS: Mitigation: Aligned branch/return thunks
[    0.837960] x86/fpu: Supporting XSAVE feature 0x001: 'x87 floating point registers'
[    0.841751] x86/fpu: Supporting XSAVE feature 0x002: 'SSE registers'
[    0.845751] x86/fpu: Supporting XSAVE feature 0x004: 'AVX registers'
[    0.849751] x86/fpu: Supporting XSAVE feature 0x020: 'AVX-512 opmask'
[    0.853751] x86/fpu: Supporting XSAVE feature 0x040: 'AVX-512 Hi256'
[    0.857751] x86/fpu: Supporting XSAVE feature 0x080: 'AVX-512 ZMM_Hi256'
[    0.861751] x86/fpu: xstate_offset[2]:  576, xstate_sizes[2]:  256
[    0.865751] x86/fpu: xstate_offset[5]:  832, xstate_sizes[5]:   64
[    0.869752] x86/fpu: xstate_offset[6]:  896, xstate_sizes[6]:  512
[    0.873751] x86/fpu: xstate_offset[7]: 1408, xstate_sizes[7]: 1024
[    0.877752] x86/fpu: Enabled xstate features 0xe7, context size is 2432 bytes, using 'compacted' format.
[    0.921373] Freeing SMP alternatives memory: 36K
[    0.921752] pid_max: default: 32768 minimum: 301
[    0.927187] LSM: Security Framework initializing
[    0.929774] landlock: Up and running.
[    0.933752] Yama: disabled by default; enable with sysctl kernel.yama.*
[    0.938463] AppArmor: AppArmor initialized
[    0.941754] TOMOYO Linux initialized
[    0.944157] LSM support for eBPF active
[    0.945785] Mount-cache hash table entries: 4096 (order: 3, 32768 bytes, linear)
[    0.949756] Mountpoint-cache hash table entries: 4096 (order: 3, 32768 bytes, linear)
[    0.958417] smpboot: CPU0: Intel(R) Xeon(R) CPU @ 2.80GHz (family: 0x6, model: 0x55, stepping: 0x7)
[    0.961929] cblist_init_generic: Setting adjustable number of callback queues.
[    0.965765] cblist_init_generic: Setting shift to 0 and lim to 1.
[    0.969819] cblist_init_generic: Setting adjustable number of callback queues.
[    0.973764] cblist_init_generic: Setting shift to 0 and lim to 1.
[    0.977819] cblist_init_generic: Setting adjustable number of callback queues.
[    0.981765] cblist_init_generic: Setting shift to 0 and lim to 1.
[    0.985816] Performance Events: unsupported p6 CPU model 85 no PMU driver, software events only.
[    0.989960] signal: max sigframe size: 3632
[    0.992766] rcu: Hierarchical SRCU implementation.
[    0.993765] rcu: 	Max phase no-delay instances is 1000.
[    0.997550] NMI watchdog: Perf NMI watchdog permanently disabled
[    0.997856] smp: Bringing up secondary CPUs ...
[    1.000831] smp: Brought up 1 node, 1 CPU
[    1.001768] smpboot: Max logical packages: 1
[    1.004659] smpboot: Total of 1 processors activated (5600.50 BogoMIPS)
[    1.029818] node 0 deferred pages initialised in 24ms
[    1.033609] devtmpfs: initialized
[    1.033979] x86/mm: Memory block size: 128MB
[    1.037385] ACPI: PM: Registering ACPI NVS region [mem 0x00806000-0x00807fff] (8192 bytes)
[    1.037775] ACPI: PM: Registering ACPI NVS region [mem 0x00810000-0x008fffff] (983040 bytes)
[    1.041812] ACPI: PM: Registering ACPI NVS region [mem 0x6fb7e000-0x6fbfdfff] (524288 bytes)
[    1.045790] ACPI: PM: Registering ACPI NVS region [mem 0x7ff78000-0x7fffffff] (557056 bytes)
[    1.049865] clocksource: jiffies: mask: 0xffffffff max_cycles: 0xffffffff, max_idle_ns: 7645041785100000 ns
[    1.053778] futex hash table entries: 256 (order: 2, 16384 bytes, linear)
[    1.057836] pinctrl core: initialized pinctrl subsystem
[    1.067986] NET: Registered PF_NETLINK/PF_ROUTE protocol family
[    1.069943] DMA: preallocated 256 KiB GFP_KERNEL pool for atomic allocations
[    1.074992] DMA: preallocated 256 KiB GFP_KERNEL|GFP_DMA pool for atomic allocations
[    1.077825] DMA: preallocated 256 KiB GFP_KERNEL|GFP_DMA32 pool for atomic allocations
[    1.081780] audit: initializing netlink subsys (disabled)
[    1.085956] thermal_sys: Registered thermal governor 'fair_share'
[    1.085958] thermal_sys: Registered thermal governor 'bang_bang'
[    1.089768] audit: type=2000 audit(1788815493.996:1): state=initialized audit_enabled=0 res=1
[    1.097774] thermal_sys: Registered thermal governor 'step_wise'
[    1.097776] thermal_sys: Registered thermal governor 'user_space'
[    1.101764] thermal_sys: Registered thermal governor 'power_allocator'
[    1.105792] cpuidle: using governor ladder
[    1.112759] cpuidle: using governor menu
[    1.125046] efi: Freeing EFI boot services memory: 341680K
[    1.125769] acpiphp: ACPI Hot Plug PCI Controller Driver version: 0.5
[    1.130311] PCI: MMCONFIG for domain 0000 [bus 00-ff] at [mem 0xb0000000-0xbfffffff] (base 0xb0000000)
[    1.133768] PCI: MMCONFIG at [mem 0xb0000000-0xbfffffff] reserved in E820
[    1.137801] PCI: Using configuration type 1 for base access
[    1.143601] kprobes: kprobe jump-optimization is enabled. All kprobes are optimized if possible.
[    1.177985] HugeTLB: registered 1.00 GiB page size, pre-allocated 0 pages
[    1.181765] HugeTLB: 16380 KiB vmemmap can be freed for a 1.00 GiB page
[    1.185766] HugeTLB: registered 2.00 MiB page size, pre-allocated 0 pages
[    1.189764] HugeTLB: 28 KiB vmemmap can be freed for a 2.00 MiB page
[    1.198933] ACPI: Added _OSI(Module Device)
[    1.201772] ACPI: Added _OSI(Processor Device)
[    1.205765] ACPI: Added _OSI(Processor Aggregator Device)
[    1.213472] ACPI: 1 ACPI AML tables successfully acquired and loaded
[    1.215388] ACPI: Interpreter enabled
[    1.217781] ACPI: PM: (supports S0 S3 S4 S5)
[    1.221122] ACPI: Using IOAPIC for interrupt routing
[    1.221819] PCI: Using host bridge windows from ACPI; if necessary, use "pci=nocrs" and report a bug
[    1.225762] PCI: Using E820 reservations for host bridge windows
[    1.230083] ACPI: Enabled 2 GPEs in block 00 to 3F
[    1.237061] ACPI: PCI Root Bridge [PCI0] (domain 0000 [bus 00-ff])
[    1.237770] acpi PNP0A08:00: _OSC: OS supports [ExtendedConfig ASPM ClockPM Segments MSI HPX-Type3]
[    1.241822] acpi PNP0A08:00: _OSC: platform does not support [PCIeHotplug LTR]
[    1.245919] acpi PNP0A08:00: _OSC: OS now controls [SHPCHotplug PME AER PCIeCapability]
[    1.250430] PCI host bridge to bus 0000:00
[    1.253634] pci_bus 0000:00: root bus resource [io  0x0000-0x0cf7 window]
[    1.253765] pci_bus 0000:00: root bus resource [io  0x0d00-0xffff window]
[    1.257769] pci_bus 0000:00: root bus resource [mem 0x000a0000-0x000bffff window]
[    1.261765] pci_bus 0000:00: root bus resource [mem 0x80000000-0xafffffff window]
[    1.265761] pci_bus 0000:00: root bus resource [mem 0xc0000000-0xfebfffff window]
[    1.269765] pci_bus 0000:00: root bus resource [mem 0x380000000000-0x3807ffffffff window]
[    1.273768] pci_bus 0000:00: root bus resource [bus 00-ff]
[    1.276625] pci 0000:00:00.0: [8086:29c0] type 00 class 0x060000
[    1.279706] pci 0000:00:01.0: [1234:1111] type 00 class 0x030000
[    1.287173] pci 0000:00:01.0: BAR 0 [mem 0xc0000000-0xc0ffffff pref]
[    1.295491] pci 0000:00:01.0: BAR 2 [mem 0xc1014000-0xc1014fff]
[    1.307082] pci 0000:00:01.0: ROM [mem 0xffff0000-0xffffffff pref]
[    1.310258] pci 0000:00:01.0: BAR 0: assigned to efifb
[    1.313955] pci 0000:00:01.0: Video device with shadowed ROM at [mem 0x000c0000-0x000dffff]
[    1.320153] pci 0000:00:02.0: [1af4:1003] type 00 class 0x078000
[    1.324435] pci 0000:00:02.0: BAR 0 [io  0x60c0-0x60ff]
[    1.328481] pci 0000:00:02.0: BAR 1 [mem 0xc1013000-0xc1013fff]
[    1.336611] pci 0000:00:02.0: BAR 4 [mem 0x380000000000-0x380000003fff 64bit pref]
[    1.344648] pci 0000:00:03.0: [1b36:000d] type 00 class 0x0c0330
[    1.347178] pci 0000:00:03.0: BAR 0 [mem 0x380000008000-0x38000000bfff 64bit]
[    1.354620] pci 0000:00:03.0: enabling Extended Tags
[    1.360756] pci 0000:00:04.0: [8086:24cd] type 00 class 0x0c0320
[    1.363905] pci 0000:00:04.0: BAR 0 [mem 0xc1012000-0xc1012fff]
[    1.375355] pci 0000:00:05.0: [1af4:1001] type 00 class 0x010000
[    1.380338] pci 0000:00:05.0: BAR 0 [io  0x6000-0x607f]
[    1.383847] pci 0000:00:05.0: BAR 1 [mem 0xc1011000-0xc1011fff]
[    1.392900] pci 0000:00:05.0: BAR 4 [mem 0x380000004000-0x380000007fff 64bit pref]
[    1.401038] pci 0000:00:1f.0: [8086:2918] type 00 class 0x060100
[    1.404780] pci 0000:00:1f.0: quirk: [io  0x0600-0x067f] claimed by ICH6 ACPI/GPIO/TCO
[    1.407366] pci 0000:00:1f.2: [8086:2922] type 00 class 0x010601
[    1.420000] pci 0000:00:1f.2: BAR 4 [io  0x6100-0x611f]
[    1.423249] pci 0000:00:1f.2: BAR 5 [mem 0xc1010000-0xc1010fff]
[    1.429922] pci 0000:00:1f.3: [8086:2930] type 00 class 0x0c0500
[    1.438979] pci 0000:00:1f.3: BAR 4 [io  0x6080-0x60bf]
[    1.445190] ACPI: PCI: Interrupt link LNKA configured for IRQ 10
[    1.446124] ACPI: PCI: Interrupt link LNKB configured for IRQ 10
[    1.450114] ACPI: PCI: Interrupt link LNKC configured for IRQ 11
[    1.454054] ACPI: PCI: Interrupt link LNKD configured for IRQ 11
[    1.458049] ACPI: PCI: Interrupt link LNKE configured for IRQ 10
[    1.462045] ACPI: PCI: Interrupt link LNKF configured for IRQ 10
[    1.466096] ACPI: PCI: Interrupt link LNKG configured for IRQ 11
[    1.470051] ACPI: PCI: Interrupt link LNKH configured for IRQ 11
[    1.473903] ACPI: PCI: Interrupt link GSIA configured for IRQ 16
[    1.477781] ACPI: PCI: Interrupt link GSIB configured for IRQ 17
[    1.481781] ACPI: PCI: Interrupt link GSIC configured for IRQ 18
[    1.485815] ACPI: PCI: Interrupt link GSID configured for IRQ 19
[    1.489780] ACPI: PCI: Interrupt link GSIE configured for IRQ 20
[    1.493781] ACPI: PCI: Interrupt link GSIF configured for IRQ 21
[    1.497779] ACPI: PCI: Interrupt link GSIG configured for IRQ 22
[    1.501786] ACPI: PCI: Interrupt link GSIH configured for IRQ 23
[    1.507134] iommu: Default domain type: Translated 
[    1.509764] iommu: DMA domain TLB invalidation policy: lazy mode 
[    1.514094] pps_core: LinuxPPS API ver. 1 registered
[    1.517706] pps_core: Software ver. 5.3.6 - Copyright 2005-2007 Rodolfo Giometti <giometti@linux.it>
[    1.517776] PTP clock support registered
[    1.520613] EDAC MC: Ver: 3.0.0
[    1.523207] Registered efivars operations
[    1.526789] NetLabel: Initializing
[    1.529328] NetLabel:  domain hash size = 128
[    1.529765] NetLabel:  protocols = UNLABELED CIPSOv4 CALIPSO
[    1.533797] NetLabel:  unlabeled traffic allowed by default
[    1.537776] PCI: Using ACPI for IRQ routing
[    1.917716] pci 0000:00:01.0: vgaarb: setting as boot VGA device
[    1.917748] pci 0000:00:01.0: vgaarb: bridge control possible
[    1.917748] pci 0000:00:01.0: vgaarb: VGA device added: decodes=io+mem,owns=io+mem,locks=none
[    1.917767] vgaarb: loaded
[    1.919843] hpet0: at MMIO 0xfed00000, IRQs 2, 8, 0
[    1.921764] hpet0: 3 comparators, 64-bit 100.000000 MHz counter
[    1.929215] clocksource: Switched to clocksource kvm-clock
[    1.943851] VFS: Disk quotas dquot_6.6.0
[    1.946683] VFS: Dquot-cache hash table entries: 512 (order 0, 4096 bytes)
[    1.952208] AppArmor: AppArmor Filesystem Enabled
[    1.955757] pnp: PnP ACPI init
[    1.958310] system 00:05: [mem 0xb0000000-0xbfffffff window] has been reserved
[    1.963956] pnp: PnP ACPI: found 6 devices
[    1.973789] clocksource: acpi_pm: mask: 0xffffff max_cycles: 0xffffff, max_idle_ns: 2085701024 ns
[    1.980128] NET: Registered PF_INET protocol family
[    1.983745] IP idents hash table entries: 32768 (order: 6, 262144 bytes, linear)
[    1.990800] tcp_listen_portaddr_hash hash table entries: 1024 (order: 2, 16384 bytes, linear)
[    1.996045] Table-perturb hash table entries: 65536 (order: 6, 262144 bytes, linear)
[    2.000639] TCP established hash table entries: 16384 (order: 5, 131072 bytes, linear)
[    2.006011] TCP bind hash table entries: 16384 (order: 7, 524288 bytes, linear)
[    2.011698] TCP: Hash tables configured (established 16384 bind 16384)
[    2.016981] MPTCP token hash table entries: 2048 (order: 4, 49152 bytes, linear)
[    2.022683] UDP hash table entries: 1024 (order: 3, 32768 bytes, linear)
[    2.027500] UDP-Lite hash table entries: 1024 (order: 3, 32768 bytes, linear)
[    2.032465] NET: Registered PF_UNIX/PF_LOCAL protocol family
[    2.036471] NET: Registered PF_XDP protocol family
[    2.039825] pci_bus 0000:00: resource 4 [io  0x0000-0x0cf7 window]
[    2.044862] pci_bus 0000:00: resource 5 [io  0x0d00-0xffff window]
[    2.049193] pci_bus 0000:00: resource 6 [mem 0x000a0000-0x000bffff window]
[    2.053738] pci_bus 0000:00: resource 7 [mem 0x80000000-0xafffffff window]
[    2.058874] pci_bus 0000:00: resource 8 [mem 0xc0000000-0xfebfffff window]
[    2.063782] pci_bus 0000:00: resource 9 [mem 0x380000000000-0x3807ffffffff window]
[    2.070545] ACPI: \_SB_.GSIH: Enabled at IRQ 23
[    2.077433] PCI: CLS 0 bytes, default 64
[    2.080948] Trying to unpack rootfs image as initramfs...
[    2.085152] clocksource: tsc: mask: 0xffffffffffffffff max_cycles: 0x285d2cbcd24, max_idle_ns: 440795214042 ns
[    2.103618] Initialise system trusted keyrings
[    2.110972] Key type blacklist registered
[    2.119230] workingset: timestamp_bits=36 max_order=19 bucket_order=0
[    2.128517] zbud: loaded
[    2.135215] integrity: Platform Keyring initialized
[    2.143141] integrity: Machine keyring initialized
[    2.150994] Key type asymmetric registered
[    2.154149] Asymmetric key parser 'x509' registered
[    2.994639] Freeing initrd memory: 41308K
[    3.008780] alg: self-tests for CTR-KDF (hmac(sha256)) passed
[    3.013056] Block layer SCSI generic (bsg) driver version 0.4 loaded (major 248)
[    3.018378] io scheduler mq-deadline registered
[    3.022618] shpchp: Standard Hot Plug PCI Controller Driver version: 0.4
[    3.027850] Serial: 8250/16550 driver, 4 ports, IRQ sharing enabled
[    3.034180] 00:03: ttyS0 at I/O 0x3f8 (irq = 4, base_baud = 115200) is a 16550A
[    3.040362] Linux agpgart interface v0.103
[    3.043605] AMD-Vi: AMD IOMMUv2 functionality not available on this system - This is not a bug.
[    3.050225] i8042: PNP: PS/2 Controller [PNP0303:KBD,PNP0f13:MOU] at 0x60,0x64 irq 1,12
[    3.058755] serio: i8042 KBD port at 0x60,0x64 irq 1
[    3.062202] serio: i8042 AUX port at 0x60,0x64 irq 12
[    3.066010] mousedev: PS/2 mouse device common for all mice
[    3.071152] input: AT Translated Set 2 keyboard as /devices/platform/i8042/serio0/input/input0
[    3.077251] rtc_cmos 00:04: RTC can wake from S4
[    3.083198] rtc_cmos 00:04: registered as rtc0
[    3.086799] rtc_cmos 00:04: setting system clock to 2026-09-07T21:11:37 UTC (1788815497)
[    3.093385] rtc_cmos 00:04: alarms up to one day, y3k, 242 bytes nvram
[    3.098079] intel_pstate: CPU model not supported
[    3.101440] ledtrig-cpu: registered to indicate activity on CPUs
[    3.105883] efifb: probing for efifb
[    3.108567] efifb: framebuffer at 0xc0000000, using 4000k, total 4000k
[    3.113187] efifb: mode is 1280x800x32, linelength=5120, pages=1
[    3.117389] efifb: scrolling: redraw
[    3.119953] efifb: Truecolor: size=8:8:8:8, shift=24:16:8:0
[    3.143388] Console: switching to colour frame buffer device 160x50
[    3.148848] fb0: EFI VGA frame buffer device
[    3.175345] NET: Registered PF_INET6 protocol family
[    3.185880] Segment Routing with IPv6
[    3.188577] In-situ OAM (IOAM) with IPv6
[    3.191584] mip6: Mobile IPv6
[    3.193765] NET: Registered PF_PACKET protocol family
[    3.197391] mpls_gso: MPLS GSO support
[    3.200420] No MBM correction factor available
[    3.203756] IPI shorthand broadcast: enabled
[    3.206947] sched_clock: Marking stable (2524026254, 682899561)->(3468661624, -261735809)
[    3.213037] registered taskstats version 1
[    3.216027] Loading compiled-in X.509 certificates
[    3.242460] Loaded X.509 cert 'Build time autogenerated kernel key: afca5977a4af7c682ba5057cd656d8042d3ea671'
[    3.249698] zswap: loaded using pool lzo/zbud
[    3.252994] Key type .fscrypt registered
[    3.255752] Key type fscrypt-provisioning registered
[    3.265883] Key type encrypted registered
[    3.268905] AppArmor: AppArmor sha1 policy hashing enabled
[    3.273091] ima: No TPM chip found, activating TPM-bypass!
[    3.277182] ima: Allocated hash algorithm: sha256
[    3.280677] ima: No architecture policies found
[    3.284068] evm: Initialising EVM extended attributes:
[    3.287846] evm: security.selinux
[    3.290284] evm: security.SMACK64 (disabled)
[    3.293516] evm: security.SMACK64EXEC (disabled)
[    3.296918] evm: security.SMACK64TRANSMUTE (disabled)
[    3.300666] evm: security.SMACK64MMAP (disabled)
[    3.304104] evm: security.apparmor
[    3.306551] evm: security.ima
[    3.308860] evm: security.capability
[    3.311542] evm: HMAC attrs: 0x1
[    3.432411] clk: Disabling unused clocks
[    3.437932] Freeing unused decrypted memory: 2036K
[    3.441308] Freeing unused kernel image (initmem) memory: 2816K
[    3.444106] Write protecting the kernel read-only data: 26624k
[    3.448157] Freeing unused kernel image (text/rodata gap) memory: 2040K
[    3.451443] Freeing unused kernel image (rodata/data gap) memory: 1120K
[    3.474445] x86/mm: Checked W+X mappings: passed, no W+X pages found.
[    3.477404] Run /init as init process
Loading, please wait...
Starting systemd-udevd version 252.39-1~deb12u2
[    3.627479] input: Power Button as /devices/LNXSYSTM:00/LNXPWRBN:00/input/input2
[    3.656452] lpc_ich 0000:00:1f.0: I/O space for GPIO uninitialized
[    3.678174] ACPI: \_SB_.GSIA: Enabled at IRQ 16
[    3.693895] i801_smbus 0000:00:1f.3: Enabling SMBus device
[    3.718496] i801_smbus 0000:00:1f.3: SMBus using PCI interrupt
[    3.721374] ACPI: button: Power Button [PWRF]
[    3.740413] input: VirtualPS/2 VMware VMMouse as /devices/platform/i8042/serio1/input/input4
[    3.763174] i2c i2c-0: 1/1 memory slots populated (from DMI)
[    3.765668] i2c i2c-0: Memory type 0x07 not supported yet, not instantiating SPD
[    3.772550] input: VirtualPS/2 VMware VMMouse as /devices/platform/i8042/serio1/input/input3
[    3.788619] ACPI: \_SB_.GSIG: Enabled at IRQ 22
[    3.799821] SCSI subsystem initialized
[    3.806037] ACPI: bus type USB registered
[    3.814745] usbcore: registered new interface driver usbfs
[    3.825461] ACPI: \_SB_.GSIF: Enabled at IRQ 21
[    3.827983] usbcore: registered new interface driver hub
[    3.830552] usbcore: registered new device driver usb
[    3.856707] virtio_blk virtio1: 1/0/0 default/read/poll queues
[    3.877867] ehci-pci 0000:00:04.0: EHCI Host Controller
[    3.887092] virtio_blk virtio1: [vda] 8388608 512-byte logical blocks (4.29 GB/4.00 GiB)
[    3.891006] ehci-pci 0000:00:04.0: new USB bus registered, assigned bus number 1
[    3.901775] ahci 0000:00:1f.2: AHCI 0001.0000 32 slots 6 ports 1.5 Gbps 0x3f impl SATA mode
[    3.905500] ahci 0000:00:1f.2: flags: 64bit ncq only 
[    3.910638] ehci-pci 0000:00:04.0: irq 23, io mem 0xc1012000
[    3.930872] scsi host0: ahci
[    3.934351] ehci-pci 0000:00:04.0: USB 2.0 started, EHCI 1.00
[    3.937640] usb usb1: New USB device found, idVendor=1d6b, idProduct=0002, bcdDevice= 6.01
[    3.941105] usb usb1: New USB device strings: Mfr=3, Product=2, SerialNumber=1
[    3.944333] usb usb1: Product: EHCI Host Controller
[    3.946335] usb usb1: Manufacturer: Linux 6.1.0-52-amd64 ehci_hcd
[    3.949056] usb usb1: SerialNumber: 0000:00:04.0
[    3.951274] scsi host1: ahci
[    3.952887] scsi host2: ahci
[    3.954609] scsi host3: ahci
[    3.956816] scsi host4: ahci
[    3.958828] scsi host5: ahci
[    3.960814] ata1: SATA max UDMA/133 abar m4096@0xc1010000 port 0xc1010100 irq 26
[    3.964201] ata2: SATA max UDMA/133 abar m4096@0xc1010000 port 0xc1010180 irq 26
[    3.967530] ata3: SATA max UDMA/133 abar m4096@0xc1010000 port 0xc1010200 irq 26
[    3.970752] ata4: SATA max UDMA/133 abar m4096@0xc1010000 port 0xc1010280 irq 26
[    3.974057] ata5: SATA max UDMA/133 abar m4096@0xc1010000 port 0xc1010300 irq 26
[    3.977357] ata6: SATA max UDMA/133 abar m4096@0xc1010000 port 0xc1010380 irq 26
[    3.982215] hub 1-0:1.0: USB hub found
[    3.984994] hub 1-0:1.0: 6 ports detected
[    3.987852] xhci_hcd 0000:00:03.0: xHCI Host Controller
[    3.990512] xhci_hcd 0000:00:03.0: new USB bus registered, assigned bus number 2
[    3.995794] xhci_hcd 0000:00:03.0: hcc params 0x00087001 hci version 0x100 quirks 0x0000000000000010
[    4.002839] xhci_hcd 0000:00:03.0: xHCI Host Controller
[    4.005124] xhci_hcd 0000:00:03.0: new USB bus registered, assigned bus number 3
[    4.008868] xhci_hcd 0000:00:03.0: Host supports USB 3.0 SuperSpeed
[    4.012880] usb usb2: New USB device found, idVendor=1d6b, idProduct=0002, bcdDevice= 6.01
[    4.016364] usb usb2: New USB device strings: Mfr=3, Product=2, SerialNumber=1
[    4.019499] usb usb2: Product: xHCI Host Controller
[    4.021623] usb usb2: Manufacturer: Linux 6.1.0-52-amd64 xhci-hcd
[    4.024352] usb usb2: SerialNumber: 0000:00:03.0
[    4.026628] hub 2-0:1.0: USB hub found
[    4.028504] hub 2-0:1.0: 4 ports detected
[    4.031295] usb usb3: We don't know the algorithms for LPM for this host, disabling LPM.
[    4.034558] usb usb3: New USB device found, idVendor=1d6b, idProduct=0003, bcdDevice= 6.01
[    4.038186] usb usb3: New USB device strings: Mfr=3, Product=2, SerialNumber=1
[    4.041353] usb usb3: Product: xHCI Host Controller
[    4.043585] usb usb3: Manufacturer: Linux 6.1.0-52-amd64 xhci-hcd
[    4.046306] usb usb3: SerialNumber: 0000:00:03.0
[    4.048197] hub 3-0:1.0: USB hub found
[    4.049936] hub 3-0:1.0: 4 ports detected
[    4.300119] ata5: SATA link down (SStatus 0 SControl 300)
[    4.303338] ata4: SATA link down (SStatus 0 SControl 300)
[    4.306442] ata1: SATA link down (SStatus 0 SControl 300)
[    4.309493] ata2: SATA link down (SStatus 0 SControl 300)
[    4.312949] ata3: SATA link up 1.5 Gbps (SStatus 113 SControl 300)
[    4.316803] ata6: SATA link down (SStatus 0 SControl 300)
[    4.319976] ata3.00: ATAPI: QEMU DVD-ROM, 2.5+, max UDMA/100
[    4.322644] ata3.00: applying bridge limits
[    4.324807] ata3.00: configured for UDMA/100
[    4.328434] scsi 2:0:0:0: CD-ROM            QEMU     QEMU DVD-ROM     2.5+ PQ: 0 ANSI: 5
[    4.416048] sr 2:0:0:0: [sr0] scsi3-mmc drive: 4x/4x cd/rw xa/form2 tray
[    4.491417] cdrom: Uniform CD-ROM driver Revision: 3.20
Begin: Loading essential drivers ... done.
Begin: Running /scripts/init-premount ... done.
Begin: Mounting root file system ... Begin: Running /scripts/local-top ... done.
Begin: Running /scripts/local-premount ... done.
Warning: fsck not present, so skipping root file system
[    5.185623] EXT4-fs (vda): mounted filesystem with ordered data mode. Quota mode: none.
done.
Begin: Running /scripts/local-bottom ... done.
Begin: Running /scripts/init-bottom ... done.
[    5.272656] Not activating Mandatory Access Control as /sbin/tomoyo-init does not exist.
[    5.360389] systemd[1]: Inserted module 'autofs4'
[    5.390781] systemd[1]: systemd 252.39-1~deb12u2 running in system mode (+PAM +AUDIT +SELINUX +APPARMOR +IMA +SMACK +SECCOMP +GCRYPT -GNUTLS +OPENSSL +ACL +BLKID +CURL +ELFUTILS +FIDO2 +IDN2 -IDN +IPTC +KMOD +LIBCRYPTSETUP +LIBFDISK +PCRE2 -PWQUALITY +P11KIT +QRENCODE +TPM2 +BZIP2 +LZ4 +XZ +ZLIB +ZSTD -BPF_FRAMEWORK -XKBCOMMON +UTMP +SYSVINIT default-hierarchy=unified)
[    5.405051] systemd[1]: Detected virtualization kvm.
[    5.407418] systemd[1]: Detected architecture x86-64.

Welcome to [1mDebian GNU/Linux 12 (bookworm)[0m!

[    5.414070] systemd[1]: Hostname set to <localhost.localdomain>.
[    5.417755] systemd[1]: Initializing machine ID from random generator.
[    5.621513] systemd[1]: Queued start job for default target multi-user.target.
[    5.632233] systemd[1]: Created slice system-modprobe.slice - Slice /system/modprobe.
[[0;32m  OK  [0m] Created slice [0;1;39msystem-modpr…lice[0m - Slice /system/modprobe.
[    5.639894] systemd[1]: Started systemd-ask-password-console.path - Dispatch Password Requests to Console Directory Watch.
[[0;32m  OK  [0m] Started [0;1;39msystemd-ask-passwo…quests to Console Directory Watch.
[    5.649327] systemd[1]: Started systemd-ask-password-wall.path - Forward Password Requests to Wall Directory Watch.
[[0;32m  OK  [0m] Started [0;1;39msystemd-ask-passwo… Requests to Wall Directory Watch.
[    5.658348] systemd[1]: Set up automount proc-sys-fs-binfmt_misc.automount - Arbitrary Executable File Formats File System Automount Point.
[[0;32m  OK  [0m] Set up automount [0;1;39mproc-sys-…rmats File System Automount Point.
[    5.668370] systemd[1]: Reached target cryptsetup.target - Local Encrypted Volumes.
[[0;32m  OK  [0m] Reached target [0;1;39mcryptsetup.…get[0m - Local Encrypted Volumes.
[    5.676048] systemd[1]: Reached target integritysetup.target - Local Integrity Protected Volumes.
[[0;32m  OK  [0m] Reached target [0;1;39mintegrityse…Local Integrity Protected Volumes.
[    5.684377] systemd[1]: Reached target paths.target - Path Units.
[[0;32m  OK  [0m] Reached target [0;1;39mpaths.target[0m - Path Units.
[    5.690733] systemd[1]: Reached target remote-fs.target - Remote File Systems.
[[0;32m  OK  [0m] Reached target [0;1;39mremote-fs.target[0m - Remote File Systems.
[    5.697747] systemd[1]: Reached target slices.target - Slice Units.
[[0;32m  OK  [0m] Reached target [0;1;39mslices.target[0m - Slice Units.
[    5.703969] systemd[1]: Reached target swap.target - Swaps.
[[0;32m  OK  [0m] Reached target [0;1;39mswap.target[0m - Swaps.
[    5.709339] systemd[1]: Reached target veritysetup.target - Local Verity Protected Volumes.
[[0;32m  OK  [0m] Reached target [0;1;39mveritysetup… - Local Verity Protected Volumes.
[    5.717700] systemd[1]: Listening on systemd-initctl.socket - initctl Compatibility Named Pipe.
[[0;32m  OK  [0m] Listening on [0;1;39msystemd-initc… initctl Compatibility Named Pipe.
[    5.726500] systemd[1]: Listening on systemd-journald-audit.socket - Journal Audit Socket.
[[0;32m  OK  [0m] Listening on [0;1;39msystemd-journ…socket[0m - Journal Audit Socket.
[    5.734897] systemd[1]: Listening on systemd-journald-dev-log.socket - Journal Socket (/dev/log).
[[0;32m  OK  [0m] Listening on [0;1;39msystemd-journ…t[0m - Journal Socket (/dev/log).
[    5.743697] systemd[1]: Listening on systemd-journald.socket - Journal Socket.
[[0;32m  OK  [0m] Listening on [0;1;39msystemd-journald.socket[0m - Journal Socket.
[    5.751714] systemd[1]: Listening on systemd-udevd-control.socket - udev Control Socket.
[[0;32m  OK  [0m] Listening on [0;1;39msystemd-udevd….socket[0m - udev Control Socket.
[    5.760089] systemd[1]: Listening on systemd-udevd-kernel.socket - udev Kernel Socket.
[[0;32m  OK  [0m] Listening on [0;1;39msystemd-udevd…l.socket[0m - udev Kernel Socket.
[    5.768021] systemd[1]: Reached target sockets.target - Socket Units.
[[0;32m  OK  [0m] Reached target [0;1;39msockets.target[0m - Socket Units.
[    5.787125] systemd[1]: Mounting dev-hugepages.mount - Huge Pages File System...
         Mounting [0;1;39mdev-hugepages.mount[0m - Huge Pages File System...
[    5.797888] systemd[1]: Mounting dev-mqueue.mount - POSIX Message Queue File System...
         Mounting [0;1;39mdev-mqueue.mount…POSIX Message Queue File System...
[    5.815118] systemd[1]: Mounting sys-kernel-debug.mount - Kernel Debug File System...
         Mounting [0;1;39msys-kernel-debug.…[0m - Kernel Debug File System...
[    5.826814] systemd[1]: Mounting sys-kernel-tracing.mount - Kernel Trace File System...
         Mounting [0;1;39msys-kernel-tracin…[0m - Kernel Trace File System...
[    5.838109] systemd[1]: Starting keyboard-setup.service - Set the console keyboard layout...
         Starting [0;1;39mkeyboard-setup.se…Set the console keyboard layout...
[    5.858518] systemd[1]: Starting kmod-static-nodes.service - Create List of Static Device Nodes...
         Starting [0;1;39mkmod-static-nodes…ate List of Static Device Nodes...
[    5.883188] systemd[1]: Starting modprobe@configfs.service - Load Kernel Module configfs...
         Starting [0;1;39mmodprobe@configfs…m - Load Kernel Module configfs...
[    5.915128] systemd[1]: Starting modprobe@dm_mod.service - Load Kernel Module dm_mod...
         Starting [0;1;39mmodprobe@dm_mod.s…[0m - Load Kernel Module dm_mod...
[    5.951127] systemd[1]: Starting modprobe@efi_pstore.service - Load Kernel Module efi_pstore...
         Starting [0;1;39mmodprobe@efi_psto…- Load Kernel Module efi_pstore...
[    5.969133] device-mapper: core: CONFIG_IMA_DISABLE_HTABLE is disabled. Duplicate IMA measurements will not be recorded in the IMA log.
[    5.974738] pstore: Using crash dump compression: deflate
[    5.979082] pstore: Registered efi as persistent store backend
[    5.987595] device-mapper: uevent: version 1.0.3
[    5.990999] device-mapper: ioctl: 4.47.0-ioctl (2022-07-28) initialised: dm-devel@redhat.com
[    5.995190] systemd[1]: Starting modprobe@fuse.service - Load Kernel Module fuse...
         Starting [0;1;39mmodprobe@fuse.ser…e[0m - Load Kernel Module fuse...
[    6.023174] systemd[1]: Starting modprobe@loop.service - Load Kernel Module loop...
         Starting [0;1;39mmodprobe@loop.ser…e[0m - Load Kernel Module loop...[    6.042463] fuse: init (API version 7.38)

[    6.054548] loop: module loaded
[    6.063188] systemd[1]: Starting systemd-journald.service - Journal Service...
         Starting [0;1;39msystemd-journald.service[0m - Journal Service...
[    6.082668] systemd[1]: Starting systemd-modules-load.service - Load Kernel Modules...
         Starting [0;1;39msystemd-modules-l…rvice[0m - Load Kernel Modules...
[    6.115176] systemd[1]: Starting systemd-remount-fs.service - Remount Root and Kernel File Systems...
         Starting [0;1;39msystemd-remount-f…nt Root and Kernel File Systems...
[    6.151121] systemd[1]: Starting systemd-udev-trigger.service - Coldplug All udev Devices...
         Starting [0;1;39msystemd-udev-trig…[0m - Coldplug All udev Devices...
[    6.170105] systemd[1]: Mounted dev-hugepages.mount - Huge Pages File System.
[[0;32m  OK  [0m] Mounted [0;1;39mdev-hugepages.mount[0m - Huge Pages File System.
[    6.191695] systemd[1]: Started systemd-journald.service - Journal Service.
[[0;32m  OK  [0m] Started [0;1;39msystemd-journald.service[0m - Journal Service.
[[0;32m  OK  [0m] Mounted [0;1;39mdev-mqueue.mount[…- POSIX Message Queue File System.
[[0;32m  OK  [0m] Mounted [0;1;39msys-kernel-debug.m…nt[0m - Kernel Debug File System.
[[0;32m  OK  [0m] Mounted [0;1;39msys-kernel-tracing…nt[0m - Kernel Trace File System.
[[0;32m  OK  [0m] Finished [0;1;39mkeyboard-setup.se…- Set the console keyboard layout.
[[0;32m  OK  [0m] Finished [0;1;39mkmod-static-nodes…reate List of Static Device Nodes.
[[0;32m  OK  [0m] Finished [0;1;39mmodprobe@configfs…[0m - Load Kernel Module configfs.
[[0;32m  OK  [0m] Finished [0;1;39mmodprobe@dm_mod.s…e[0m - Load Kernel Module dm_mod.
[[0;32m  OK  [0m] Finished [0;1;39mmodprobe@efi_psto…m - Load Kernel Module efi_pstore.
[[0;32m  OK  [0m] Finished [0;1;39mmodprobe@fuse.service[0m - Load Kernel Module fuse.
[[0;32m  OK  [0m] Finished [0;1;39mmodprobe@loop.service[0m - Load Kernel Module loop.
[[0;32m  OK  [0m] Finished [0;1;39msystemd-modules-l…service[0m - Load Kernel Modules.
[[0;32m  OK  [0m] Finished [0;1;39msystemd-remount-f…ount Root and Kernel File Systems.
         Mounting [0;1;39msys-fs-fuse-conne…[0m - FUSE Control File System...
         Mounting [0;1;39msys-kernel-config…ernel Configuration File System...
         Starting [0;1;39msystemd-journal-f…h Journal to Persistent Storage...
         Starting [0;1;39msystemd-random-se…ice[0m - Load/Save Random Seed...
[    6.396489] systemd-journald[210]: Received client request to flush runtime journal.
         Starting [0;1;39msystemd-sysctl.se…ce[0m - Apply Kernel Variables...
         Starting [0;1;39msystemd-sysusers.…rvice[0m - Create System Users...
[[0;32m  OK  [0m] Finished [0;1;39msystemd-udev-trig…e[0m - Coldplug All udev Devices.
[[0;32m  OK  [0m] Mounted [0;1;39msys-fs-fuse-connec…nt[0m - FUSE Control File System.
[[0;32m  OK  [0m] Mounted [0;1;39msys-kernel-config.… Kernel Configuration File System.
[[0;32m  OK  [0m] Finished [0;1;39msystemd-journal-f…ush Journal to Persistent Storage.
[[0;32m  OK  [0m] Finished [0;1;39msystemd-random-se…rvice[0m - Load/Save Random Seed.
[[0;32m  OK  [0m] Finished [0;1;39msystemd-sysctl.service[0m - Apply Kernel Variables.
[[0;32m  OK  [0m] Finished [0;1;39msystemd-sysusers.service[0m - Create System Users.
         Starting [0;1;39msystemd-tmpfiles-…ate Static Device Nodes in /dev...
         Starting [0;1;39msystemd-udev-sett… Complete Device Initialization...
[[0;32m  OK  [0m] Finished [0;1;39msystemd-tmpfiles-…reate Static Device Nodes in /dev.
[[0;32m  OK  [0m] Reached target [0;1;39mlocal-fs-pr…reparation for Local File Systems.
[[0;32m  OK  [0m] Reached target [0;1;39mlocal-fs.target[0m - Local File Systems.
         Starting [0;1;39mconsole-setup.ser…m - Set console font and keymap...
         Starting [0;1;39msystemd-binfmt.se…et Up Additional Binary Formats...
         Starting [0;1;39msystemd-tmpfiles-…te System Files and Directories...
         Starting [0;1;39msystemd-udevd.ser…ger for Device Events and Files...
         Mounting [0;1;39mproc-sys-fs-binfm…utable File Formats File System...
[[0;32m  OK  [0m] Mounted [0;1;39mproc-sys-fs-binfmt…ecutable File Formats File System.
[[0;32m  OK  [0m] Finished [0;1;39msystemd-binfmt.se… Set Up Additional Binary Formats.
[[0;32m  OK  [0m] Finished [0;1;39msystemd-tmpfiles-…eate System Files and Directories.
         Starting [0;1;39msystemd-update-ut…rd System Boot/Shutdown in UTMP...
[[0;32m  OK  [0m] Finished [0;1;39msystemd-update-ut…cord System Boot/Shutdown in UTMP.
[[0;32m  OK  [0m] Started [0;1;39msystemd-udevd.serv…nager for Device Events and Files.
[    6.935661] sr 2:0:0:0: Attached scsi generic sg0 type 5
[    7.092658] input: PC Speaker as /devices/platform/pcspkr/input/input5
[    7.105963] parport_pc 00:02: reported by Plug and Play ACPI
[    7.124511] iTCO_vendor_support: vendor-support=0
[    7.199543] parport0: PC-style at 0x378, irq 7 [PCSPP,TRISTATE]
[    7.255946] iTCO_wdt iTCO_wdt.1.auto: Found a ICH9 TCO device (Version=2, TCOBASE=0x0660)
[    7.305882] iTCO_wdt iTCO_wdt.1.auto: initialized. heartbeat=30 sec (nowayout=0)
[    7.351880] ppdev: user-space parallel port driver
[    7.373942] RAPL PMU: API unit is 2^-32 Joules, 0 fixed counters, 10737418240 ms ovfl timer
[    7.398969] cryptd: max_cpu_qlen set to 1000
[    7.479831] ACPI: bus type drm_connector registered
[    7.508011] AVX2 version of gcm_enc/dec engaged.
[    7.510112] AES CTR mode by8 optimization enabled
[    7.577347] Console: switching to colour dummy device 80x25
[    7.587307] bochs-drm 0000:00:01.0: vgaarb: deactivate vga console
[    7.590279] [drm] Found bochs VGA, ID 0xb0c5.
[    7.592335] [drm] Framebuffer size 16384 kB @ 0xc0000000, mmio @ 0xc1014000.
[    7.625633] [drm] Found EDID data blob.
[    7.635333] [drm] Initialized bochs-drm 1.0.0 20130925 for 0000:00:01.0 on minor 0
[    7.651578] fbcon: bochs-drmdrmfb (fb0) is primary device
[    7.666261] Console: switching to colour frame buffer device 160x50
[    7.733775] bochs-drm 0000:00:01.0: [drm] fb0: bochs-drmdrmfb frame buffer device
[[0;32m  OK  [0m] Finished [0;1;39msystemd-udev-sett…To Complete Device Initialization.
[[0;32m  OK  [0m] Reached target [0;1;39msysinit.target[0m - System Initialization.
[[0;32m  OK  [0m] Started [0;1;39mapt-daily.timer[0m - Daily apt download activities.
[[0;32m  OK  [0m] Started [0;1;39mapt-daily-upgrade.… apt upgrade and clean activities.
[[0;32m  OK  [0m] Started [0;1;39mdpkg-db-backup.tim… Daily dpkg database backup timer.
[[0;32m  OK  [0m] Started [0;1;39me2scrub_all.timer…etadata Check for All Filesystems.
[[0;32m  OK  [0m] Started [0;1;39mfstrim.timer[0m - Discard unused blocks once a week.
[[0;32m  OK  [0m] Started [0;1;39msystemd-tmpfiles-c… Cleanup of Temporary Directories.
[[0;32m  OK  [0m] Reached target [0;1;39mtimers.target[0m - Timer Units.
[[0;32m  OK  [0m] Reached target [0;1;39mbasic.target[0m - Basic System.
         Starting [0;1;39me2scrub_reap.serv…e ext4 Metadata Check Snapshots...
[[0;32m  OK  [0m] Reached target [0;1;39mgetty.target[0m - Login Prompts.
         Starting [0;1;39msystemd-user-sess…vice[0m - Permit User Sessions...
[[0;32m  OK  [0m] Started [0;1;39musblab-probe.servi…- Disposable USB lab serial probe.
[[0;32m  OK  [0m] Finished [0;1;39msystemd-user-sess…ervice[0m - Permit User Sessions.
[[0;32m  OK  [0m] Finished [0;1;39mconsole-setup.ser…[0m - Set console font and keymap.
[[0;32m  OK  [0m] Finished [0;1;39me2scrub_reap.serv…ine ext4 Metadata Check Snapshots.
[[0;32m  OK  [0m] Reached target [0;1;39mmulti-user.target[0m - Multi-User System.
         Starting [0;1;39msystemd-update-ut… Record Runlevel Change in UTMP...
[[0;32m  OK  [0m] Finished [0;1;39msystemd-update-ut… - Record Runlevel Change in UTMP.
[    9.643440] usb 3-1: new SuperSpeed USB device number 2 using xhci_hcd
[    9.666413] usb 3-1: New USB device found, idVendor=46f4, idProduct=0001, bcdDevice= 0.00
[    9.670324] usb 3-1: New USB device strings: Mfr=1, Product=2, SerialNumber=3
[    9.673781] usb 3-1: Product: QEMU USB HARDDRIVE
[    9.676090] usb 3-1: Manufacturer: QEMU
[    9.677955] usb 3-1: SerialNumber: USBLABCANARY
[    9.708091] usb-storage 3-1:1.0: USB Mass Storage device detected
[    9.712038] scsi host6: usb-storage 3-1:1.0
[    9.715699] usbcore: registered new interface driver usb-storage
[    9.727139] usbcore: registered new interface driver uas
[   10.740461] scsi 6:0:0:0: Direct-Access     QEMU     QEMU HARDDISK    2.5+ PQ: 0 ANSI: 5
[   10.749847] scsi 6:0:0:0: Attached scsi generic sg1 type 0
[   10.789158] sd 6:0:0:0: Power-on or device reset occurred
[   10.798004] sd 6:0:0:0: [sda] 131072 512-byte logical blocks: (67.1 MB/64.0 MiB)
[   10.802452] sd 6:0:0:0: [sda] Write Protect is off
[   10.806075] sd 6:0:0:0: [sda] Write cache: enabled, read cache: enabled, doesn't support DPO or FUA
[   10.820306] sd 6:0:0:0: [sda] Attached SCSI removable disk
[   11.695009] usb 1-1: new high-speed USB device number 2 using ehci-pci
[   11.865504] usb 1-1: New USB device found, idVendor=46f4, idProduct=0001, bcdDevice= 0.00
[   11.869466] usb 1-1: New USB device strings: Mfr=1, Product=2, SerialNumber=3
[   11.872893] usb 1-1: Product: QEMU USB HARDDRIVE
[   11.875192] usb 1-1: Manufacturer: QEMU
[   11.877677] usb 1-1: SerialNumber: USBLABPROFILE0
[   11.885316] usb-storage 1-1:1.0: USB Mass Storage device detected
[   11.888918] scsi host7: usb-storage 1-1:1.0
[   12.918246] scsi 7:0:0:0: Direct-Access     QEMU     QEMU HARDDISK    2.5+ PQ: 0 ANSI: 5
[   12.926198] sd 7:0:0:0: Attached scsi generic sg2 type 0
[   12.934573] sd 7:0:0:0: Power-on or device reset occurred
[   12.957242] sd 7:0:0:0: [sdb] 131072 512-byte logical blocks: (67.1 MB/64.0 MiB)
[   12.963201] sd 7:0:0:0: [sdb] Write Protect is off
[   12.970369] sd 7:0:0:0: [sdb] Write cache: enabled, read cache: enabled, doesn't support DPO or FUA
[   13.013088] sd 7:0:0:0: [sdb] Attached SCSI removable disk
[   14.333434] usb 1-1: USB disconnect, device number 2
[   14.831133] usb 1-1: new high-speed USB device number 3 using ehci-pci
[   14.988988] usb 1-1: New USB device found, idVendor=46f4, idProduct=0001, bcdDevice= 0.00
[   14.992393] usb 1-1: New USB device strings: Mfr=1, Product=2, SerialNumber=3
[   14.995391] usb 1-1: Product: QEMU USB HARDDRIVE
[   14.997334] usb 1-1: Manufacturer: QEMU
[   14.999034] usb 1-1: SerialNumber: USBLABPROFILE0
[   15.005286] usb-storage 1-1:1.0: USB Mass Storage device detected
[   15.008309] scsi host7: usb-storage 1-1:1.0
[   16.024461] scsi 7:0:0:0: Direct-Access     QEMU     QEMU HARDDISK    2.5+ PQ: 0 ANSI: 5
[   16.033971] sd 7:0:0:0: Attached scsi generic sg2 type 0
[   16.039866] sd 7:0:0:0: Power-on or device reset occurred
[   16.061956] sd 7:0:0:0: [sdb] 131072 512-byte logical blocks: (67.1 MB/64.0 MiB)
[   16.072984] sd 7:0:0:0: [sdb] Write Protect is off
[   16.080865] sd 7:0:0:0: [sdb] Write cache: enabled, read cache: enabled, doesn't support DPO or FUA
[   16.109667] sd 7:0:0:0: [sdb] Attached SCSI removable disk
[   16.608883] usb 1-1: USB disconnect, device number 3
[   17.471339] usb 3-2: new SuperSpeed USB device number 3 using xhci_hcd
[   17.493948] usb 3-2: New USB device found, idVendor=46f4, idProduct=0001, bcdDevice= 0.00
[   17.497331] usb 3-2: New USB device strings: Mfr=1, Product=2, SerialNumber=3
[   17.500199] usb 3-2: Product: QEMU USB HARDDRIVE
[   17.501791] usb 3-2: Manufacturer: QEMU
[   17.503306] usb 3-2: SerialNumber: USBLABPROFILE1
[   17.508855] usb-storage 3-2:1.0: USB Mass Storage device detected
[   17.511928] scsi host7: usb-storage 3-2:1.0
[   18.516156] scsi 7:0:0:0: Direct-Access     QEMU     QEMU HARDDISK    2.5+ PQ: 0 ANSI: 5
[   18.522506] sd 7:0:0:0: Power-on or device reset occurred
[   18.525479] sd 7:0:0:0: Attached scsi generic sg2 type 0
[   18.529917] sd 7:0:0:0: [sdb] 131072 512-byte logical blocks: (67.1 MB/64.0 MiB)
[   18.533696] sd 7:0:0:0: [sdb] Write Protect is off
[   18.536507] sd 7:0:0:0: [sdb] Write cache: enabled, read cache: enabled, doesn't support DPO or FUA
[   18.548746] sd 7:0:0:0: [sdb] Attached SCSI removable disk
[   18.941295] usb 3-2: USB disconnect, device number 3
[   19.479272] usb 3-2: new SuperSpeed USB device number 4 using xhci_hcd
[   19.501262] usb 3-2: New USB device found, idVendor=46f4, idProduct=0001, bcdDevice= 0.00
[   19.503775] usb 3-2: New USB device strings: Mfr=1, Product=2, SerialNumber=3
[   19.505982] usb 3-2: Product: QEMU USB HARDDRIVE
[   19.507442] usb 3-2: Manufacturer: QEMU
[   19.508805] usb 3-2: SerialNumber: USBLABPROFILE1
[   19.513464] usb-storage 3-2:1.0: USB Mass Storage device detected
[   19.516482] scsi host7: usb-storage 3-2:1.0
[   20.531922] scsi 7:0:0:0: Direct-Access     QEMU     QEMU HARDDISK    2.5+ PQ: 0 ANSI: 5
[   20.537897] sd 7:0:0:0: Power-on or device reset occurred
[   20.539980] sd 7:0:0:0: Attached scsi generic sg2 type 0
[   20.543873] sd 7:0:0:0: [sdb] 131072 512-byte logical blocks: (67.1 MB/64.0 MiB)
[   20.547339] sd 7:0:0:0: [sdb] Write Protect is off
[   20.550076] sd 7:0:0:0: [sdb] Write cache: enabled, read cache: enabled, doesn't support DPO or FUA
[   20.562608] sd 7:0:0:0: [sdb] Attached SCSI removable disk
[   20.816366] usb 3-2: USB disconnect, device number 4
[   20.842995] sd 7:0:0:0: [sdb] Synchronizing SCSI cache
[   20.845147] sd 7:0:0:0: [sdb] Synchronize Cache(10) failed: Result: hostbyte=DID_NO_CONNECT driverbyte=DRIVER_OK
[   21.651409] usb 3-2: new SuperSpeed USB device number 5 using xhci_hcd
[   21.673955] usb 3-2: New USB device found, idVendor=46f4, idProduct=0003, bcdDevice= 0.00
[   21.677158] usb 3-2: New USB device strings: Mfr=1, Product=2, SerialNumber=3
[   21.679914] usb 3-2: Product: USB Attached SCSI HBA
[   21.681840] usb 3-2: Manufacturer: QEMU
[   21.683447] usb 3-2: SerialNumber: USBLABPROFILE2
[   21.692616] scsi host7: uas
[   21.699586] scsi 7:0:0:0: Direct-Access     QEMU     QEMU HARDDISK    2.5+ PQ: 0 ANSI: 5
[   21.721423] sd 7:0:0:0: Power-on or device reset occurred
[   21.724764] sd 7:0:0:0: Attached scsi generic sg2 type 0
[   21.729368] sd 7:0:0:0: [sdb] 131072 512-byte logical blocks: (67.1 MB/64.0 MiB)
[   21.733855] sd 7:0:0:0: [sdb] Write Protect is off
[   21.737456] sd 7:0:0:0: [sdb] Write cache: enabled, read cache: enabled, doesn't support DPO or FUA
[   21.750981] sd 7:0:0:0: [sdb] Attached SCSI removable disk
[   22.276864] usb 3-2: USB disconnect, device number 5
[   22.298986] sd 7:0:0:0: [sdb] Synchronizing SCSI cache
[   22.538980] sd 7:0:0:0: [sdb] Synchronize Cache(10) failed: Result: hostbyte=DID_ERROR driverbyte=DRIVER_OK
[   22.995409] usb 3-2: new SuperSpeed USB device number 6 using xhci_hcd
[   23.018067] usb 3-2: New USB device found, idVendor=46f4, idProduct=0003, bcdDevice= 0.00
[   23.021281] usb 3-2: New USB device strings: Mfr=1, Product=2, SerialNumber=3
[   23.024349] usb 3-2: Product: USB Attached SCSI HBA
[   23.026514] usb 3-2: Manufacturer: QEMU
[   23.028308] usb 3-2: SerialNumber: USBLABPROFILE2
[   23.038833] scsi host7: uas
[   23.045907] scsi 7:0:0:0: Direct-Access     QEMU     QEMU HARDDISK    2.5+ PQ: 0 ANSI: 5
[   23.080817] sd 7:0:0:0: Power-on or device reset occurred
[   23.085320] sd 7:0:0:0: [sdb] 131072 512-byte logical blocks: (67.1 MB/64.0 MiB)
[   23.088665] sd 7:0:0:0: Attached scsi generic sg2 type 0
[   23.091994] sd 7:0:0:0: [sdb] Write Protect is off
[   23.095471] sd 7:0:0:0: [sdb] Write cache: enabled, read cache: enabled, doesn't support DPO or FUA
[   23.107792] sd 7:0:0:0: [sdb] Attached SCSI removable disk
[   23.519130] usb 3-2: USB disconnect, device number 6
[   23.542973] sd 7:0:0:0: [sdb] Synchronizing SCSI cache
[   23.782981] sd 7:0:0:0: [sdb] Synchronize Cache(10) failed: Result: hostbyte=DID_ERROR driverbyte=DRIVER_OK
[   24.539474] usb 3-2: new SuperSpeed USB device number 7 using xhci_hcd
[   24.562454] usb 3-2: New USB device found, idVendor=46f4, idProduct=0001, bcdDevice= 0.00
[   24.566695] usb 3-2: New USB device strings: Mfr=1, Product=2, SerialNumber=3
[   24.569747] usb 3-2: Product: QEMU USB HARDDRIVE
[   24.571919] usb 3-2: Manufacturer: QEMU
[   24.573730] usb 3-2: SerialNumber: USBLABPROTECTED
[   24.583381] usb-storage 3-2:1.0: USB Mass Storage device detected
[   24.586620] scsi host7: usb-storage 3-2:1.0
[   25.620331] scsi 7:0:0:0: Direct-Access     QEMU     QEMU HARDDISK    2.5+ PQ: 0 ANSI: 5
[   25.627887] sd 7:0:0:0: Power-on or device reset occurred
[   25.630632] sd 7:0:0:0: Attached scsi generic sg2 type 0
[   25.636352] sd 7:0:0:0: [sdb] 131072 512-byte logical blocks: (67.1 MB/64.0 MiB)
[   25.640642] sd 7:0:0:0: [sdb] Write Protect is on
[   25.643895] sd 7:0:0:0: [sdb] Write cache: disabled, read cache: enabled, doesn't support DPO or FUA
[   25.662576] sd 7:0:0:0: [sdb] Attached SCSI removable disk
[   25.923704] usb 3-2: USB disconnect, device number 7
[   26.875356] usb 3-2: new SuperSpeed USB device number 8 using xhci_hcd
[   26.897994] usb 3-2: New USB device found, idVendor=46f4, idProduct=0001, bcdDevice= 0.00
[   26.901466] usb 3-2: New USB device strings: Mfr=1, Product=2, SerialNumber=3
[   26.904499] usb 3-2: Product: QEMU USB HARDDRIVE
[   26.906493] usb 3-2: Manufacturer: QEMU
[   26.908192] usb 3-2: SerialNumber: USBLABDUPLICATE
[   26.916145] usb-storage 3-2:1.0: USB Mass Storage device detected
[   26.919480] scsi host7: usb-storage 3-2:1.0
[   27.191440] usb 3-3: new SuperSpeed USB device number 9 using xhci_hcd
[   27.214423] usb 3-3: New USB device found, idVendor=46f4, idProduct=0001, bcdDevice= 0.00
[   27.218150] usb 3-3: New USB device strings: Mfr=1, Product=2, SerialNumber=3
[   27.221398] usb 3-3: Product: QEMU USB HARDDRIVE
[   27.223669] usb 3-3: Manufacturer: QEMU
[   27.225541] usb 3-3: SerialNumber: USBLABDUPLICATE
[   27.231368] usb-storage 3-3:1.0: USB Mass Storage device detected
[   27.234624] scsi host8: usb-storage 3-3:1.0
[   27.924379] scsi 7:0:0:0: Direct-Access     QEMU     QEMU HARDDISK    2.5+ PQ: 0 ANSI: 5
[   27.932275] sd 7:0:0:0: Power-on or device reset occurred
[   27.934977] sd 7:0:0:0: Attached scsi generic sg2 type 0
[   27.943957] sd 7:0:0:0: [sdb] 131072 512-byte logical blocks: (67.1 MB/64.0 MiB)
[   27.948183] sd 7:0:0:0: [sdb] Write Protect is off
[   27.951334] sd 7:0:0:0: [sdb] Write cache: enabled, read cache: enabled, doesn't support DPO or FUA
[   27.965747] sd 7:0:0:0: [sdb] Attached SCSI removable disk
[   28.244327] scsi 8:0:0:0: Direct-Access     QEMU     QEMU HARDDISK    2.5+ PQ: 0 ANSI: 5
[   28.251832] sd 8:0:0:0: Power-on or device reset occurred
[   28.254791] sd 8:0:0:0: Attached scsi generic sg3 type 0
[   28.259873] sd 8:0:0:0: [sdc] 131072 512-byte logical blocks: (67.1 MB/64.0 MiB)
[   28.264147] sd 8:0:0:0: [sdc] Write Protect is off
[   28.267273] sd 8:0:0:0: [sdc] Write cache: enabled, read cache: enabled, doesn't support DPO or FUA
[   28.280300] sd 8:0:0:0: [sdc] Attached SCSI removable disk
[   28.621476] usb 3-2: USB disconnect, device number 8
[   28.646997] sd 7:0:0:0: [sdb] Synchronizing SCSI cache
[   28.649249] sd 7:0:0:0: [sdb] Synchronize Cache(10) failed: Result: hostbyte=DID_NO_CONNECT driverbyte=DRIVER_OK
[   28.985089] usb 3-3: USB disconnect, device number 9
[   29.007005] sd 8:0:0:0: [sdc] Synchronizing SCSI cache
[   29.009076] sd 8:0:0:0: [sdc] Synchronize Cache(10) failed: Result: hostbyte=DID_NO_CONNECT driverbyte=DRIVER_OK
[   29.939315] usb 3-2: new SuperSpeed USB device number 10 using xhci_hcd
[   29.962149] usb 3-2: New USB device found, idVendor=46f4, idProduct=0001, bcdDevice= 0.00
[   29.965563] usb 3-2: New USB device strings: Mfr=1, Product=2, SerialNumber=3
[   29.968735] usb 3-2: Product: QEMU USB HARDDRIVE
[   29.970788] usb 3-2: Manufacturer: QEMU
[   29.972591] usb 3-2: SerialNumber: USBLABFAULT
[   29.980474] usb-storage 3-2:1.0: USB Mass Storage device detected
[   29.983840] scsi host7: usb-storage 3-2:1.0
[   30.996310] scsi 7:0:0:0: Direct-Access     QEMU     QEMU HARDDISK    2.5+ PQ: 0 ANSI: 5
[   31.002499] sd 7:0:0:0: Power-on or device reset occurred
[   31.005292] sd 7:0:0:0: Attached scsi generic sg2 type 0
[   31.009758] sd 7:0:0:0: [sdb] 131072 512-byte logical blocks: (67.1 MB/64.0 MiB)
[   31.013956] sd 7:0:0:0: [sdb] Write Protect is off
[   31.016699] sd 7:0:0:0: [sdb] Write cache: enabled, read cache: enabled, doesn't support DPO or FUA
[   31.029187] sd 7:0:0:0: [sdb] Attached SCSI removable disk
[   31.281162] sd 7:0:0:0: [sdb] tag#0 FAILED Result: hostbyte=DID_OK driverbyte=DRIVER_OK cmd_age=0s
[   31.285323] sd 7:0:0:0: [sdb] tag#0 Sense Key : Aborted Command [current] 
[   31.288371] sd 7:0:0:0: [sdb] tag#0 Add. Sense: I/O process terminated
[   31.291480] sd 7:0:0:0: [sdb] tag#0 CDB: Read(10) 28 00 00 00 40 00 00 00 08 00
[   31.294860] I/O error, dev sdb, sector 16384 op 0x0:(READ) flags 0x80700 phys_seg 1 prio class 2
[   31.380398] sd 7:0:0:0: [sdb] tag#0 FAILED Result: hostbyte=DID_OK driverbyte=DRIVER_OK cmd_age=0s
[   31.383492] sd 7:0:0:0: [sdb] tag#0 Sense Key : Aborted Command [current] 
[   31.386182] sd 7:0:0:0: [sdb] tag#0 Add. Sense: I/O process terminated
[   31.389197] sd 7:0:0:0: [sdb] tag#0 CDB: Read(10) 28 00 00 00 40 00 00 00 08 00
[   31.392501] I/O error, dev sdb, sector 16384 op 0x0:(READ) flags 0x0 phys_seg 1 prio class 2
[   31.396290] Buffer I/O error on dev sdb, logical block 2048, async page read
[   31.406740] usb 3-2: USB disconnect, device number 10
[   31.427230] sd 7:0:0:0: [sdb] Synchronizing SCSI cache
[   31.429504] sd 7:0:0:0: [sdb] Synchronize Cache(10) failed: Result: hostbyte=DID_NO_CONNECT driverbyte=DRIVER_OK
[   32.367380] usb 3-2: new SuperSpeed USB device number 11 using xhci_hcd
[   32.390452] usb 3-2: New USB device found, idVendor=46f4, idProduct=0001, bcdDevice= 0.00
[   32.394016] usb 3-2: New USB device strings: Mfr=1, Product=2, SerialNumber=3
[   32.397431] usb 3-2: Product: QEMU USB HARDDRIVE
[   32.399744] usb 3-2: Manufacturer: QEMU
[   32.401689] usb 3-2: SerialNumber: USBLABDISCONNECT
[   32.409473] usb-storage 3-2:1.0: USB Mass Storage device detected
[   32.413075] scsi host7: usb-storage 3-2:1.0
[   33.428227] scsi 7:0:0:0: Direct-Access     QEMU     QEMU HARDDISK    2.5+ PQ: 0 ANSI: 5
[   33.436083] sd 7:0:0:0: Power-on or device reset occurred
[   33.439321] sd 7:0:0:0: Attached scsi generic sg2 type 0
[   33.444175] sd 7:0:0:0: [sdb] 131072 512-byte logical blocks: (67.1 MB/64.0 MiB)
[   33.448359] sd 7:0:0:0: [sdb] Write Protect is off
[   33.451418] sd 7:0:0:0: [sdb] Write cache: enabled, read cache: enabled, doesn't support DPO or FUA
[   33.464979] sd 7:0:0:0: [sdb] Attached SCSI removable disk
[   33.735199] usb 3-2: USB disconnect, device number 11
[   33.758999] sd 7:0:0:0: [sdb] Synchronizing SCSI cache
[   33.761569] sd 7:0:0:0: [sdb] Synchronize Cache(10) failed: Result: hostbyte=DID_NO_CONNECT driverbyte=DRIVER_OK
[   34.547391] usb 3-2: new SuperSpeed USB device number 12 using xhci_hcd
[   34.570353] usb 3-2: New USB device found, idVendor=46f4, idProduct=0001, bcdDevice= 0.00
[   34.574286] usb 3-2: New USB device strings: Mfr=1, Product=2, SerialNumber=3
[   34.577572] usb 3-2: Product: QEMU USB HARDDRIVE
[   34.579746] usb 3-2: Manufacturer: QEMU
[   34.581686] usb 3-2: SerialNumber: USBLABREPLACEMENT
[   34.587968] usb-storage 3-2:1.0: USB Mass Storage device detected
[   34.591637] scsi host7: usb-storage 3-2:1.0
[   35.604326] scsi 7:0:0:0: Direct-Access     QEMU     QEMU HARDDISK    2.5+ PQ: 0 ANSI: 5
[   35.612162] sd 7:0:0:0: Power-on or device reset occurred
[   35.614897] sd 7:0:0:0: Attached scsi generic sg2 type 0
[   35.619914] sd 7:0:0:0: [sdb] 131072 512-byte logical blocks: (67.1 MB/64.0 MiB)
[   35.624079] sd 7:0:0:0: [sdb] Write Protect is off
[   35.627094] sd 7:0:0:0: [sdb] Write cache: enabled, read cache: enabled, doesn't support DPO or FUA
[   35.640520] sd 7:0:0:0: [sdb] Attached SCSI removable disk
[   35.909545] usb 3-2: USB disconnect, device number 12
[   35.934973] sd 7:0:0:0: [sdb] Synchronizing SCSI cache
[   35.937100] sd 7:0:0:0: [sdb] Synchronize Cache(10) failed: Result: hostbyte=DID_NO_CONNECT driverbyte=DRIVER_OK
[   55.263015] usb 1-1: new high-speed USB device number 4 using ehci-pci
[   55.425216] usb 1-1: New USB device found, idVendor=46f4, idProduct=0001, bcdDevice= 0.00
[   55.428835] usb 1-1: New USB device strings: Mfr=1, Product=2, SerialNumber=3
[   55.432037] usb 1-1: Product: QEMU USB HARDDRIVE
[   55.434227] usb 1-1: Manufacturer: QEMU
[   55.436127] usb 1-1: SerialNumber: BEAMOBOOT
[   55.445201] usb-storage 1-1:1.0: USB Mass Storage device detected
[   55.449522] scsi host7: usb-storage 1-1:1.0
[   56.468532] scsi 7:0:0:0: Direct-Access     QEMU     QEMU HARDDISK    2.5+ PQ: 0 ANSI: 5
[   56.476178] sd 7:0:0:0: Attached scsi generic sg2 type 0
[   56.480059] sd 7:0:0:0: Power-on or device reset occurred
[   56.491686] sd 7:0:0:0: [sdb] 4194304 512-byte logical blocks: (2.15 GB/2.00 GiB)
[   56.499727] sd 7:0:0:0: [sdb] Write Protect is off
[   56.507904] sd 7:0:0:0: [sdb] Write cache: enabled, read cache: enabled, doesn't support DPO or FUA
[   56.552503]  sdb: sdb1
[   56.557597] sd 7:0:0:0: [sdb] Attached SCSI removable disk
[   59.507758] usb 1-1: USB disconnect, device number 4
[   59.526965] sd 7:0:0:0: [sdb] Synchronizing SCSI cache
[   59.529274] sd 7:0:0:0: [sdb] Synchronize Cache(10) failed: Result: hostbyte=DID_NO_CONNECT driverbyte=DRIVER_OK
[   69.203403] usb 3-2: new SuperSpeed USB device number 13 using xhci_hcd
[   69.226272] usb 3-2: New USB device found, idVendor=46f4, idProduct=0001, bcdDevice= 0.00
[   69.230146] usb 3-2: New USB device strings: Mfr=1, Product=2, SerialNumber=3
[   69.233562] usb 3-2: Product: QEMU USB HARDDRIVE
[   69.235842] usb 3-2: Manufacturer: QEMU
[   69.237710] usb 3-2: SerialNumber: BEAMOBOOT
[   69.245617] usb-storage 3-2:1.0: USB Mass Storage device detected
[   69.250114] scsi host7: usb-storage 3-2:1.0
[   70.260234] scsi 7:0:0:0: Direct-Access     QEMU     QEMU HARDDISK    2.5+ PQ: 0 ANSI: 5
[   70.267859] sd 7:0:0:0: Power-on or device reset occurred
[   70.270580] sd 7:0:0:0: Attached scsi generic sg2 type 0
[   70.275459] sd 7:0:0:0: [sdb] 4194304 512-byte logical blocks: (2.15 GB/2.00 GiB)
[   70.280088] sd 7:0:0:0: [sdb] Write Protect is off
[   70.282737] sd 7:0:0:0: [sdb] Write cache: enabled, read cache: enabled, doesn't support DPO or FUA
[   70.291672]  sdb: sdb1
[   70.293907] sd 7:0:0:0: [sdb] Attached SCSI removable disk
[   70.811276] usb 3-2: USB disconnect, device number 13
[   70.839959] sd 7:0:0:0: [sdb] Synchronizing SCSI cache
[   70.842297] sd 7:0:0:0: [sdb] Synchronize Cache(10) failed: Result: hostbyte=DID_NO_CONNECT driverbyte=DRIVER_OK
[   79.963418] usb 3-2: new SuperSpeed USB device number 14 using xhci_hcd
[   79.986160] usb 3-2: New USB device found, idVendor=46f4, idProduct=0003, bcdDevice= 0.00
[   79.989782] usb 3-2: New USB device strings: Mfr=1, Product=2, SerialNumber=3
[   79.992924] usb 3-2: Product: USB Attached SCSI HBA
[   79.994864] usb 3-2: Manufacturer: QEMU
[   79.996274] usb 3-2: SerialNumber: BEAMOBOOT
[   80.006524] scsi host7: uas
[   80.012583] scsi 7:0:0:0: Direct-Access     QEMU     QEMU HARDDISK    2.5+ PQ: 0 ANSI: 5
[   80.037175] sd 7:0:0:0: Power-on or device reset occurred
[   80.041621] sd 7:0:0:0: [sdb] 4194304 512-byte logical blocks: (2.15 GB/2.00 GiB)
[   80.044796] sd 7:0:0:0: Attached scsi generic sg2 type 0
[   80.047812] sd 7:0:0:0: [sdb] Write Protect is off
[   80.050636] sd 7:0:0:0: [sdb] Write cache: enabled, read cache: enabled, doesn't support DPO or FUA
[   80.060278]  sdb: sdb1
[   80.062188] sd 7:0:0:0: [sdb] Attached SCSI removable disk
[   80.627807] usb 3-2: USB disconnect, device number 14
[   80.654967] sd 7:0:0:0: [sdb] Synchronizing SCSI cache
[   80.895027] sd 7:0:0:0: [sdb] Synchronize Cache(10) failed: Result: hostbyte=DID_ERROR driverbyte=DRIVER_OK
[   89.043904] usb 3-1: USB disconnect, device number 2
[   89.062983] sd 6:0:0:0: [sda] Synchronizing SCSI cache
[   89.065291] sd 6:0:0:0: [sda] Synchronize Cache(10) failed: Result: hostbyte=DID_NO_CONNECT driverbyte=DRIVER_OK
