Created [https://www.googleapis.com/compute/v1/projects/beamo-wipe/global/networks/beamo-usb-kvm-0907].
Created [https://www.googleapis.com/compute/v1/projects/beamo-wipe/regions/us-central1/subnetworks/beamo-usb-kvm-0907].
Creating router [beamo-usb-kvm-0907]...
......done.
Creating NAT [lab-egress] in router [beamo-usb-kvm-0907]...
......done.
Creating firewall...
..Created [https://www.googleapis.com/compute/v1/projects/beamo-wipe/global/firewalls/beamo-usb-kvm-0907-iap].
done.
ERROR: (gcloud.compute.instances.create) Could not fetch resource:
---
code: ZONE_RESOURCE_POOL_EXHAUSTED
errorDetails:
- help:
    links:
    - description: Troubleshooting documentation
      url: https://cloud.google.com/compute/docs/resource-error
- localizedMessage:
    locale: en-US
    message: A n2-standard-8 VM instance is currently unavailable in the us-central1-f
      zone. Alternatively, you can try your request again with a different VM hardware
      configuration or at a later time. For more information, see the troubleshooting
      documentation.
- errorInfo:
    domain: compute.googleapis.com
    metadatas:
      attachment: ''
      vmType: n2-standard-8
      zone: us-central1-f
      zonesAvailable: ''
    reason: resource_availability
message: The zone 'projects/beamo-wipe/zones/us-central1-f' does not have enough resources
  available to fulfill the request.  Try a different zone, or try again later.

Traceback (most recent call last):
  File "/private/tmp/beamo-usb-kvm-0907/create.py", line 11, in <module>
    gcp_lab.main()
  File "/Users/HP/dev/Beamo Wipe/tools/usb_lab/gcp_lab.py", line 114, in main
    (create if args.action == 'create' else destroy)(args)
  File "/Users/HP/dev/Beamo Wipe/tools/usb_lab/gcp_lab.py", line 40, in create
    result = json.loads(command(*operation))
  File "/private/tmp/beamo-usb-kvm-0907/create.py", line 9, in command
    return original(*args)
  File "/Users/HP/dev/Beamo Wipe/tools/usb_lab/gcp_lab.py", line 11, in command
    return subprocess.check_output(['gcloud', *args, '--quiet', '--format=json'], text=True)
  File "/Library/Frameworks/Python.framework/Versions/3.10/lib/python3.10/subprocess.py", line 420, in check_output
    return run(*popenargs, stdout=PIPE, timeout=timeout, check=True,
  File "/Library/Frameworks/Python.framework/Versions/3.10/lib/python3.10/subprocess.py", line 524, in run
    raise CalledProcessError(retcode, process.args,
subprocess.CalledProcessError: Command '['gcloud', 'compute', 'instances', 'create', 'beamo-usb-kvm-0907', '--project=beamo-wipe', '--zone=us-central1-f', '--machine-type=n2-standard-8', '--image=debian-12-bookworm-v20260902', '--image-project=debian-cloud', '--boot-disk-size=100GB', '--boot-disk-type=pd-balanced', '--subnet=beamo-usb-kvm-0907', '--no-address', '--no-service-account', '--no-scopes', '--max-run-duration=10800s', '--instance-termination-action=DELETE', '--metadata=block-project-ssh-keys=TRUE', '--metadata-from-file=startup-script=/Users/HP/dev/Beamo Wipe/tools/usb_lab/host_setup.sh', '--enable-nested-virtualization', '--quiet', '--format=json']' returned non-zero exit status 1.
